
> trip-store@0.0.0 build
> ng build

[33mΓ¥»[39m Building...
[32mΓ£ö[39m Building...
[1mInitial chunk files[22m  [2m | [22m[1mNames[22m        [2m | [22m [1mRaw size[22m[2m | [22m[1mEstimated transfer size[22m
[32mstyles-JG7EAGFK.css[39m  [2m | [22m[2mstyles[22m       [2m | [22m[36m230.85 kB[39m[2m | [22m               [36m22.46 kB[39m
[32mmain-KGC4CMHH.js[39m     [2m | [22m[2mmain[22m         [2m | [22m[36m217.23 kB[39m[2m | [22m               [36m58.05 kB[39m
[32mpolyfills-DOYHMSTV.js[39m[2m | [22m[2mpolyfills[22m    [2m | [22m [36m35.73 kB[39m[2m | [22m               [36m11.58 kB[39m

[1m [22m                    [2m | [22m[1mInitial total[22m[2m | [22m[1m483.81 kB[22m[2m | [22m               [1m92.09 kB[22m

Application bundle generation complete. [12.411 seconds] - 2026-03-27T08:07:38.317Z

Output location: C:\Users\Right Solutions\Downloads\pro\TripStore-main\dist\TripStore

